<!DOCTYPE html><html lang="en"><head>
<meta charset="utf-8">
<meta name="viewport" content="width=device-width, initial-scale=1, shrink-to-fit=no">

<link rel="stylesheet" href="./assets/css/bootstrap/dist/css/bootstrap.min.css">
<link rel="stylesheet" href="./assets/css/highlight.js/styles/default.min.css">
<link rel="stylesheet" href="./assets/css/site.css">


<title>Test Site Name</title>
</head>
<body>

    <header>

<nav class="navbar navbar-expand-lg fixed-top navbar-dark bg-dark shadow">
    <a class="navbar-brand" href="#">Test Site Name</a>
    <button class="navbar-toggler" type="button" data-toggle="collapse" data-target="#navbarNav" aria-controls="navbarNav" aria-expanded="false" aria-label="Toggle navigation">
        <span class="navbar-toggler-icon"></span>
    </button>
    <div class="collapse navbar-collapse" id="navbarNav">



    </div>
</nav>
    </header>

    <main>
        <div class="container">
            <div class="row">
                <div class="col-md-10">
                    
<p>Some Content</p>
                </div>
            </div>
        </div>
    </main>

    <footer>
    </footer>
<!-- jQuery first, then Popper.js, then Bootstrap JS -->
<script src="./assets/js/jquery/jquery.min.js"></script>
<script src="./assets/js/popper.js/popper.min.js"></script>
<script src="./assets/js/bootstrap/dist/js/bootstrap.min.js"></script>
<script src="./assets/js/highlight.js/highlight.min.js"></script>

<script src="./assets/js/site.js"></script>



</body></html>